../Core/Src/main.c:84:5:main	8	static
../Core/Src/main.c:157:6:SystemClock_Config	120	static
../Core/Src/main.c:208:13:MX_SPI6_Init	8	static
../Core/Src/main.c:255:13:MX_TIM1_Init	104	static
../Core/Src/main.c:330:13:MX_GPIO_Init	40	static
../Core/Src/main.c:358:6:PWM_SetDuty	24	static
../Core/Src/main.c:370:6:PWM_SetFrequencyHz	24	static
../Core/Src/main.c:400:6:HAL_SPI_TxRxCpltCallback	24	static
../Core/Src/main.c:459:6:MPU_Config	24	static
../Core/Src/main.c:490:6:Error_Handler	4	static,ignoring_inline_asm
